  LOD stop: got 212 triangles when asking for 106
LOD Generation: Triangles 448, vertices 264 (merged 264), deformable
  LOD 1: 224 triangles, error 0.03481424599886 (step error 0.03481424599886)
  LOD 2: 112 triangles, error 0.0854534059763 (step error 0.0854534059763)
  LOD 3: 72 triangles, error 0.5140408873558 (step error 0.5140408873558)
  LOD stop: got 72 triangles when asking for 36
[   1% ] [90m[1mimport[22m | Running Custom Script...[39m[0m
[  99% ] [90m[1mimport[22m | Saving...[39m[0m
Saving scene to: res://.godot/imported/elegant_f.glb-ac93d3e332f0e6957e12038d6067822c.scn
[92m[ DONE ][39m [1mimport[22m
[0m
EditorFileSystem: "res://web/static/assets/stage16g_avatar/outfits/elegant_f.glb" import took 322 ms.
[  93% ] [90m[1mreimport[22m | casual_m.glb[39m[0m
EditorFileSystem: Importing file: res://web/static/assets/stage16g_avatar/outfits/casual_m.glb
[   0% ] [90m[1mimport[22m | Started Import Scene (104 steps)[39m[0m
[   0% ] [90m[1mimport[22m | Importing Scene...[39m[0m
glTF: Total buffers: 1
glTF: Total buffer views: 9
glTF: Total accessors: 7
Loading resource: res://web/static/assets/stage16g_avatar/outfits/casual_m_0.png remapped: res://web/static/assets/stage16g_avatar/outfits/casual_m_0.png
Loading resource: res://.godot/imported/casual_m_0.png-9efeebf6b5ac11dd217bca992bb4154d.ctex remapped: res://.godot/imported/casual_m_0.png-9efeebf6b5ac11dd217bca992bb4154d.ctex
Completed load for: 'res://web/static/assets/stage16g_avatar/outfits/casual_m_0.png' remapped 'res://web/static/assets/stage16g_avatar/outfits/casual_m_0.png' at thread -1
Loading resource: res://web/static/assets/stage16g_avatar/outfits/casual_m_1.png remapped: res://web/static/assets/stage16g_avatar/outfits/casual_m_1.png
Loading resource: res://.godot/imported/casual_m_1.png-c87dd4ac3407735f0223ec67ba75ac89.ctex remapped: res://.godot/imported/casual_m_1.png-c87dd4ac3407735f0223ec67ba75ac89.ctex
Completed load for: 'res://web/static/assets/stage16g_avatar/outfits/casual_m_1.png' remapped 'res://web/static/assets/stage16g_avatar/outfits/casual_m_1.png' at thread -1
glTF: Total images: 2
Total materials: 2
glTF: Parsing mesh: 0
WARNING: glTF import: Buffer view byte stride should be declared for vertex attributes. Assuming packed data and reading anyway.
WARNING: glTF import: Buffer view byte stride should be declared for vertex attributes. Assuming packed data and reading anyway.
WARNING: glTF import: Buffer view byte stride should be declared for vertex attributes. Assuming packed data and reading anyway.
WARNING: glTF import: Buffer view byte stride should be declared for vertex attributes. Assuming packed data and reading anyway.
WARNING: glTF import: Buffer view byte stride should be declared for vertex attributes. Assuming packed data and reading anyway.
WARNING: glTF import: Buffer view byte stride should be declared for vertex attributes. Assuming packed data and reading anyway.
WARNING: glTF import: Buffer view byte stride should be declared for vertex attributes. Assuming packed data and reading anyway.
WARNING: glTF import: Buffer view byte stride should be declared for vertex attributes. Assuming packed data and reading anyway.
WARNING: glTF import: Buffer view byte stride should be declared for vertex attributes. Assuming packed data and reading anyway.
WARNING: glTF import: Buffer view byte stride should be declared for vertex attributes. Assuming packed data and reading anyway.
WARNING: glTF import: Buffer view byte stride should be declared for vertex attributes. Assuming packed data and reading anyway.
WARNING: glTF import: Buffer view byte stride should be declared for vertex attributes. Assuming packed data and reading anyway.
glTF: Total meshes: 1
glTF: Creating mesh for: male_casualsuit04
LOD Generation: Triangles 1994, vertices 1212 (merged 1192), deformable
  LOD 1: 996 triangles, error 0.01648374646902 (step error 0.01648374646902)
  LOD 2: 498 triangles, error 0.03371926024556 (step error 0.03371926024556)
  LOD 3: 248 triangles, error 0.21375592052937 (step error 0.21375592052937)
  LOD stop: got 198 triangles when asking for 124
LOD Generation: Triangles 1246, vertices 712 (merged 707), deformable
  LOD 1: 622 triangles, error 0.01831139996648 (step error 0.01831139996648)
  LOD 2: 310 triangles, error 0.03263897821307 (step error 0.03263897821307)
  LOD 3: 154 triangles, error 0.07886885106564 (step error 0.07886885106564)
  LOD 4: 76 triangles, error 0.92444562911987 (step error 0.92444562911987)
  LOD stop: got 76 triangles when asking for 38
[   1% ] [90m[1mimport[22m | Running Custom Script...[39m[0m
[  99% ] [90m[1mimport[22m | Saving...[39m[0m
Saving scene to: res://.godot/imported/casual_m.glb-1c6f780dba61bf8406dcb62fac480954.scn
[92m[ DONE ][39m [1mimport[22m
[0m
EditorFileSystem: "res://web/static/assets/stage16g_avatar/outfits/casual_m.glb" import took 749 ms.
[  93% ] [90m[1mreimport[22m | casual_f.glb[39m[0m
EditorFileSystem: Importing file: res://web/static/assets/stage16g_avatar/outfits/casual_f.glb
[   0% ] [90m[1mimport[22m | Started Import Scene (104 steps)[39m[0m
[   0% ] [90m[1mimport[22m | Importing Scene...[39m[0m
glTF: Total buffers: 1
glTF: Total buffer views: 9
glTF: Total accessors: 7
Loading resource: res://web/static/assets/stage16g_avatar/outfits/casual_f_0.png remapped: res://web/static/assets/stage16g_avatar/outfits/casual_f_0.png
Loading resource: res://.godot/imported/casual_f_0.png-bd6de20b8afae46c147a98b7ca2d4de2.ctex remapped: res://.godot/imported/casual_f_0.png-bd6de20b8afae46c147a98b7ca2d4de2.ctex
Completed load for: 'res://web/static/assets/stage16g_avatar/outfits/casual_f_0.png' remapped 'res://web/static/assets/stage16g_avatar/outfits/casual_f_0.png' at thread -1
Loading resource: res://web/static/assets/stage16g_avatar/outfits/casual_f_1.png remapped: res://web/static/assets/stage16g_avatar/outfits/casual_f_1.png
Loading resource: res://.godot/imported/casual_f_1.png-77ac3a947a72ceebe4d553c8f77860b0.ctex remapped: res://.godot/imported/casual_f_1.png-77ac3a947a72ceebe4d553c8f77860b0.ctex
Completed load for: 'res://web/static/assets/stage16g_avatar/outfits/casual_f_1.png' remapped 'res://web/static/assets/stage16g_avatar/outfits/casual_f_1.png' at thread -1
glTF: Total images: 2
Total materials: 2
glTF: Parsing mesh: 0
WARNING: glTF import: Buffer view byte stride should be declared for vertex attributes. Assuming packed data and reading anyway.
WARNING: glTF import: Buffer view byte stride should be declared for vertex attributes. Assuming packed data and reading anyway.
WARNING: glTF import: Buffer view byte stride should be declared for vertex attributes. Assuming packed data and reading anyway.
WARNING: glTF import: Buffer view byte stride should be declared for vertex attributes. Assuming packed data and reading anyway.
WARNING: glTF import: Buffer view byte stride should be declared for vertex attributes. Assuming packed data and reading anyway.
WARNING: glTF import: Buffer view byte stride should be declared for vertex attributes. Assuming packed data and reading anyway.
WARNING: glTF import: Buffer view byte stride should be declared for vertex attributes. Assuming packed data and reading anyway.
WARNING: glTF import: Buffer view byte stride should be declared for vertex attributes. Assuming packed data and reading anyway.
WARNING: glTF import: Buffer view byte stride should be declared for vertex attributes. Assuming packed data and reading anyway.
WARNING: glTF import: Buffer view byte stride should be declared for vertex attributes. Assuming packed data and reading anyway.
WARNING: glTF import: Buffer view byte stride should be declared for vertex attributes. Assuming packed data and reading anyway.
WARNING: glTF import: Buffer view byte stride should be declared for vertex attributes. Assuming packed data and reading anyway.
glTF: Total meshes: 1
glTF: Creating mesh for: female_casualsuit01
LOD Generation: Triangles 2727, vertices 1581 (merged 1567), deformable
  LOD 1: 1363 triangles, error 0.01389514096081 (step error 0.01389514096081)
  LOD 2: 681 triangles, error 0.02469140663743 (step error 0.02469140663743)
  LOD 3: 339 triangles, error 0.06208138912916 (step error 0.06208138912916)
  LOD 4: 124 triangles, error 0.66063779592514 (step error 0.66063779592514)
  LOD stop: got 118 triangles when asking for 62
LOD Generation: Triangles 1509, vertices 858 (merged 846), deformable
  LOD 1: 753 triangles, error 0.01578280515969 (step error 0.01578280515969)
  LOD 2: 375 triangles, error 0.02892667800188 (step error 0.02892667800188)
  LOD 3: 187 triangles, error 0.06196260452271 (step error 0.06196260452271)
  LOD 4: 93 triangles, error 0.24140824377537 (step error 0.24140824377537)
  LOD stop: got 73 triangles when asking for 46
[   1% ] [90m[1mimport[22m | Running Custom Script...[39m[0m
[  99% ] [90m[1mimport[22m | Saving...[39m[0m
Saving scene to: res://.godot/imported/casual_f.glb-1a26a2357145bcd746e4bab276e3f78d.scn
[92m[ DONE ][39m [1mimport[22m
[0m
EditorFileSystem: "res://web/static/assets/stage16g_avatar/outfits/casual_f.glb" import took 751 ms.
[  94% ] [90m[1mreimport[22m | fedora_cocked.glb[39m[0m
EditorFileSystem: Importing file: res://web/static/assets/stage16g_avatar/headwear/fedora_cocked.glb
[   0% ] [90m[1mimport[22m | Started Import Scene (104 steps)[39m[0m
[   0% ] [90m[1mimport[22m | Importing Scene...[39m[0m
glTF: Total buffers: 1
glTF: Total buffer views: 3
glTF: Total accessors: 3
glTF: Parsing mesh: 0
glTF: Total meshes: 1
glTF: Converting spatial: world
glTF: Creating mesh for: fedora_cocked_obj
LOD Generation: Triangles 1244, vertices 702 (merged 646)
  LOD 1: 622 triangles, error 0.08950597792864 (step error 0.08950597792864)
  LOD 2: 310 triangles, error 0.17986619472504 (step error 0.17986619472504)
  LOD 3: 154 triangles, error 0.29837733507156 (step error 0.29837733507156)
  LOD 4: 76 triangles, error 0.492516040802 (step error 0.492516040802)
  LOD 5: 44 triangles, error 0.81473296880722 (step error 0.81473296880722)
  LOD stop: got 36 triangles when asking for 22
[   1% ] [90m[1mimport[22m | Running Custom Script...[39m[0m
[  99% ] [90m[1mimport[22m | Saving...[39m[0m
Saving scene to: res://.godot/imported/fedora_cocked.glb-fdec554f18509f930681f349a8efb4d5.scn
[92m[ DONE ][39m [1mimport[22m
[0m
EditorFileSystem: "res://web/static/assets/stage16g_avatar/headwear/fedora_cocked.glb" import took 9 ms.
[  95% ] [90m[1mreimport[22m | short.glb[39m[0m
EditorFileSystem: Importing file: res://web/static/assets/stage16g_avatar/hair/short.glb
[   0% ] [90m[1mimport[22m | Started Import Scene (104 steps)[39m[0m
[   0% ] [90m[1mimport[22m | Importing Scene...[39m[0m
glTF: Total buffers: 1
glTF: Total buffer views: 3
glTF: Total accessors: 3
glTF: Parsing mesh: 0
glTF: Total meshes: 1
glTF: Converting spatial: world
glTF: Creating mesh for: short01_obj
LOD Generation: Triangles 3678, vertices 3177 (merged 3017)
  LOD 1: 1838 triangles, error 0.17262144386768 (step error 0.17262144386768)
  LOD 2: 918 triangles, error 0.25893217325211 (step error 0.24666938185692)
  LOD 3: 208 triangles, error 0.9767814874649 (step error 0.9767814874649)
  LOD stop: reached 1.465172290802 cumulative error (step error 0.98754489421844)
[   1% ] [90m[1mimport[22m | Running Custom Script...[39m[0m
[  99% ] [90m[1mimport[22m | Saving...[39m[0m
Saving scene to: res://.godot/imported/short.glb-f6f94415b087cf4b41da33966d26cba1.scn
[92m[ DONE ][39m [1mimport[22m
[0m
EditorFileSystem: "res://web/static/assets/stage16g_avatar/hair/short.glb" import took 16 ms.
[  95% ] [90m[1mreimport[22m | long.glb[39m[0m
EditorFileSystem: Importing file: res://web/static/assets/stage16g_avatar/hair/long.glb
[   0% ] [90m[1mimport[22m | Started Import Scene (104 steps)[39m[0m
[   0% ] [90m[1mimport[22m | Importing Scene...[39m[0m
glTF: Total buffers: 1
glTF: Total buffer views: 3
glTF: Total accessors: 3
glTF: Parsing mesh: 0
glTF: Total meshes: 1
glTF: Converting spatial: world
glTF: Creating mesh for: long01_obj
LOD Generation: Triangles 4108, vertices 3314 (merged 3248)
  LOD 1: 2326 triangles, error 0.99353224039078 (step error 0.99353224039078)
  LOD stop: got 2310 triangles when asking for 1163
[   1% ] [90m[1mimport[22m | Running Custom Script...[39m[0m
[  99% ] [90m[1mimport[22m | Saving...[39m[0m
Saving scene to: res://.godot/imported/long.glb-70114331588d3af3b6b1597612a5ecdb.scn
[92m[ DONE ][39m [1mimport[22m
[0m
EditorFileSystem: "res://web/static/assets/stage16g_avatar/hair/long.glb" import took 19 ms.
[  96% ] [90m[1mreimport[22m | buzz.glb[39m[0m
EditorFileSystem: Importing file: res://web/static/assets/stage16g_avatar/hair/buzz.glb
[   0% ] [90m[1mimport[22m | Started Import Scene (104 steps)[39m[0m
[   0% ] [90m[1mimport[22m | Importing Scene...[39m[0m
glTF: Total buffers: 1
glTF: Total buffer views: 3
glTF: Total accessors: 3
glTF: Parsing mesh: 0
glTF: Total meshes: 1
glTF: Converting spatial: world
glTF: Creating mesh for: short04_obj
LOD Generation: Triangles 1050, vertices 991 (merged 882)
  LOD 1: 514 triangles, error 0.98964262008667 (step error 0.98964262008667)
  LOD stop: got 502 triangles when asking for 257
[   1% ] [90m[1mimport[22m | Running Custom Script...[39m[0m
[  99% ] [90m[1mimport[22m | Saving...[39m[0m
Saving scene to: res://.godot/imported/buzz.glb-568e66f11a9cc555c304ad6d6bbabfee.scn
[92m[ DONE ][39m [1mimport[22m
[0m
EditorFileSystem: "res://web/static/assets/stage16g_avatar/hair/buzz.glb" import took 7 ms.
[  96% ] [90m[1mreimport[22m | afro.glb[39m[0m
EditorFileSystem: Importing file: res://web/static/assets/stage16g_avatar/hair/afro.glb
[   0% ] [90m[1mimport[22m | Started Import Scene (104 steps)[39m[0m
[   0% ] [90m[1mimport[22m | Importing Scene...[39m[0m
glTF: Total buffers: 1
glTF: Total buffer views: 3
glTF: Total accessors: 3
glTF: Parsing mesh: 0
glTF: Total meshes: 1
glTF: Converting spatial: world
glTF: Creating mesh for: afro01_obj
LOD Generation: Triangles 2192, vertices 2276 (merged 2216)
  LOD 1: 1096 triangles, error 0.32347017526627 (step error 0.32347017526627)
  LOD 2: 252 triangles, error 0.53170371055603 (step error 0.53170371055603)
  LOD stop: got 190 triangles when asking for 126
[   1% ] [90m[1mimport[22m | Running Custom Script...[39m[0m
[  99% ] [90m[1mimport[22m | Saving...[39m[0m
Saving scene to: res://.godot/imported/afro.glb-e960c191166cc22c1de4103922a2dfcb.scn
[92m[ DONE ][39m [1mimport[22m
[0m
EditorFileSystem: "res://web/static/assets/stage16g_avatar/hair/afro.glb" import took 12 ms.
[  97% ] [90m[1mreimport[22m | eyelashes.glb[39m[0m
EditorFileSystem: Importing file: res://web/static/assets/stage16g_avatar/face/eyelashes.glb
[   0% ] [90m[1mimport[22m | Started Import Scene (104 steps)[39m[0m
[   0% ] [90m[1mimport[22m | Importing Scene...[39m[0m
glTF: Total buffers: 1
glTF: Total buffer views: 3
glTF: Total accessors: 3
glTF: Parsing mesh: 0
glTF: Total meshes: 1
glTF: Converting spatial: world
glTF: Creating mesh for: eyelashes03
LOD Generation: Triangles 368, vertices 250 (merged 250)
  LOD 1: 184 triangles, error 0.04166354611516 (step error 0.04166354611516)
  LOD 2: 62 triangles, error 0.22244127094746 (step error 0.22244127094746)
  LOD stop: got 62 triangles when asking for 31
[   1% ] [90m[1mimport[22m | Running Custom Script...[39m[0m
[  99% ] [90m[1mimport[22m | Saving...[39m[0m
Saving scene to: res://.godot/imported/eyelashes.glb-ba8d38d0f9e4e2115da2f9ff9db11a03.scn
[92m[ DONE ][39m [1mimport[22m
[0m
EditorFileSystem: "res://web/static/assets/stage16g_avatar/face/eyelashes.glb" import took 5 ms.
[  98% ] [90m[1mreimport[22m | eyebrows_thick.glb[39m[0m
EditorFileSystem: Importing file: res://web/static/assets/stage16g_avatar/face/eyebrows_thick.glb
[   0% ] [90m[1mimport[22m | Started Import Scene (104 steps)[39m[0m
[   0% ] [90m[1mimport[22m | Importing Scene...[39m[0m
glTF: Total buffers: 1
glTF: Total buffer views: 3
glTF: Total accessors: 3
glTF: Parsing mesh: 0
glTF: Total meshes: 1
glTF: Converting spatial: world
glTF: Creating mesh for: eyebrow004_obj
LOD Generation: Triangles 192, vertices 126 (merged 124)
  LOD 1: 96 triangles, error 0.04047680273652 (step error 0.04047680273652)
  LOD 2: 52 triangles, error 0.18394656479359 (step error 0.18394656479359)
  LOD stop: got 52 triangles when asking for 26
[   1% ] [90m[1mimport[22m | Running Custom Script...[39m[0m
[  99% ] [90m[1mimport[22m | Saving...[39m[0m
Saving scene to: res://.godot/imported/eyebrows_thick.glb-71c71ade8d7fd14c6782c2a1bd159e99.scn
[92m[ DONE ][39m [1mimport[22m
[0m
EditorFileSystem: "res://web/static/assets/stage16g_avatar/face/eyebrows_thick.glb" import took 4 ms.
[  98% ] [90m[1mreimport[22m | eyebrows_straight.glb[39m[0m
EditorFileSystem: Importing file: res://web/static/assets/stage16g_avatar/face/eyebrows_straight.glb
[   0% ] [90m[1mimport[22m | Started Import Scene (104 steps)[39m[0m
[   0% ] [90m[1mimport[22m | Importing Scene...[39m[0m
glTF: Total buffers: 1
glTF: Total buffer views: 3
glTF: Total accessors: 3
glTF: Parsing mesh: 0
glTF: Total meshes: 1
glTF: Converting spatial: world
glTF: Creating mesh for: eyebrow002_obj
LOD Generation: Triangles 192, vertices 126 (merged 124)
  LOD 1: 96 triangles, error 0.03857340291142 (step error 0.03857340291142)
  LOD 2: 50 triangles, error 0.3223802447319 (step error 0.3223802447319)
  LOD stop: got 50 triangles when asking for 25
[   1% ] [90m[1mimport[22m | Running Custom Script...[39m[0m
[  99% ] [90m[1mimport[22m | Saving...[39m[0m
Saving scene to: res://.godot/imported/eyebrows_straight.glb-afe2cebc700aa6c52ce6f4667832a3b7.scn
[92m[ DONE ][39m [1mimport[22m
[0m
EditorFileSystem: "res://web/static/assets/stage16g_avatar/face/eyebrows_straight.glb" import took 5 ms.
[  99% ] [90m[1mreimport[22m | Finalizing Asset Import...[39m[0m
[92m[ DONE ][39m [1mreimport[22m
[0m
[   0% ] [90m[1mreimport[22m | Started (Re)Importing Assets (159 steps)[39m[0m
[   0% ] [90m[1mreimport[22m | Executing post-reimport operations...[39m[0m
[92m[ DONE ][39m [1mreimport[22m
[0m
[   0% ] [90m[1mloading_editor_layout[22m | Started Loading editor (5 steps)[39m[0m
[   0% ] [90m[1mloading_editor_layout[22m | Loading editor layout...[39m[0m
[  16% ] [90m[1mloading_editor_layout[22m | Loading docks...[39m[0m
[92m[ DONE ][39m [1mloading_editor_layout[22m
[0m
Loading resource: res://native/scenes/world_main.tscn remapped: res://native/scenes/world_main.tscn
Loading resource: res://native/world/WorldMain.gd remapped: res://native/world/WorldMain.gd
Completed load for: 'res://native/world/WorldMain.gd' remapped 'res://native/world/WorldMain.gd' at thread -1
Completed load for: 'res://native/scenes/world_main.tscn' remapped 'res://native/scenes/world_main.tscn' at thread -1
Script docs haven't been properly loaded or regenerated, so don't save them to disk.
EditorSettings: Save OK!
XR: Clearing primary interface
XR: Removed interface "Native mobile"
XR: Removed interface "OpenXR"
Orphan StringName: Node (static: 3, total: 4)
StringName: 1 unclaimed string names at exit.
